# ⚠ nonce 는 브리지 자격증명이라 앞 4자만 남겼다(적대 리뷰 L3). 이 로그의 포트·nonce 는
#   이미 정리된 격리 홈과 죽은 localhost 포트의 것이지만, 이 파일은 지원 요청에 첨부될 수 있다.
#   ①②의 「같은 포트·같은 nonce」 판정은 남은 접두사만으로도 성립한다.
2026-09-09T13:56:36 GET /__alive
2026-09-09T13:57:21 GET /c/DEST-ONE?client_port=32828&client_nonce=z4Sd…
2026-09-09T13:57:25 GET /favicon.ico
2026-09-09T13:59:18 GET /c/DEST-TWO?client_port=32828&client_nonce=z4Sd…
2026-09-09T13:59:19 GET /favicon.ico
# CASE SMUGGLE path=/c/SMUGGLE?client_port=1&client_nonce=STOL…
# CASE SMUGGLE path=/c/SMUGGLE?client_port=1&client_nonce=STOL…
2026-09-09T14:15:49 GET /__alive2
2026-09-09T14:16:03 GET /?client_port=34172&client_nonce=Pu0P…
2026-09-09T14:16:06 GET /favicon.ico
# CASE PROTOREL path=//127.0.0.1:8971/c/PROTOREL
2026-09-09T14:17:12 GET /?client_port=34227&client_nonce=60AW…
2026-09-09T14:17:15 GET /favicon.ico
# CASE DOTDOT path=/c/../../probe-escape
2026-09-09T14:17:44 GET /?client_port=34253&client_nonce=JkRP…
2026-09-09T14:17:47 GET /favicon.ico
# CASE CONTROL path=/c/CONTROL-OK
2026-09-09T14:18:16 GET /c/CONTROL-OK?client_port=34271&client_nonce=pjAc…
2026-09-09T14:18:19 GET /favicon.ico
