2026-09-08 13:54:35.592   Log opened. (Time zone: UTC+09:00)
2026-09-08 13:54:35.592   Setup version: Inno Setup version 6.7.3
2026-09-08 13:54:35.592   Original Setup EXE: C:\Users\mckim\.dqa-connect\update\DQAConnect-Setup-1.2.0.exe.dklr9l_3.exe
2026-09-08 13:54:35.593   Setup command line: /SL5="$6108F2,24702157,1002496,C:\Users\mckim\.dqa-connect\update\DQAConnect-Setup-1.2.0.exe.dklr9l_3.exe" /SILENT /SUPPRESSMSGBOXES /NORESTART /CLOSEAPPLICATIONS /RELAUNCH /LOG=C:\Users\mckim\AppData\Local\Temp\dqa-update-install-20260908\installer-diagnostic.log /LOGCLOSEAPPLICATIONS
2026-09-08 13:54:35.593   Windows version: 10.0.19045
2026-09-08 13:54:35.593   Windows architecture: x64 (64-bit)
2026-09-08 13:54:35.593   Machine types supported by system: x86 x64
2026-09-08 13:54:35.593   User privileges: None
2026-09-08 13:54:35.603   Administrative install mode: No
2026-09-08 13:54:35.603   Install mode root key: HKEY_CURRENT_USER
2026-09-08 13:54:35.603   64-bit install mode: Yes
2026-09-08 13:54:35.603   RedirectionGuard status for current process: Enabled in enforcing mode
2026-09-08 13:54:35.604   Created temporary directory: C:\Users\mckim\AppData\Local\Temp\is-GBXV530CIN.tmp
2026-09-08 13:54:35.836   Found a file to register with RestartManager: C:\Users\mckim\AppData\Local\Programs\DQA Connect\DQAConnect.exe
2026-09-08 13:54:35.836   Found a file to register with RestartManager: C:\Users\mckim\AppData\Local\Programs\DQA Connect\runtime\libcrypto-3.dll
2026-09-08 13:54:35.836   Found a file to register with RestartManager: C:\Users\mckim\AppData\Local\Programs\DQA Connect\runtime\libffi-8.dll
2026-09-08 13:54:35.836   Found a file to register with RestartManager: C:\Users\mckim\AppData\Local\Programs\DQA Connect\runtime\libssl-3.dll
2026-09-08 13:54:35.836   Found a file to register with RestartManager: C:\Users\mckim\AppData\Local\Programs\DQA Connect\runtime\libtommath.dll
2026-09-08 13:54:35.836   Found a file to register with RestartManager: C:\Users\mckim\AppData\Local\Programs\DQA Connect\runtime\python.exe
2026-09-08 13:54:35.836   Found a file to register with RestartManager: C:\Users\mckim\AppData\Local\Programs\DQA Connect\runtime\python3.dll
2026-09-08 13:54:35.836   Found a file to register with RestartManager: C:\Users\mckim\AppData\Local\Programs\DQA Connect\runtime\python314.dll
2026-09-08 13:54:35.836   Found a file to register with RestartManager: C:\Users\mckim\AppData\Local\Programs\DQA Connect\runtime\pythonw.exe
2026-09-08 13:54:35.836   Found a file to register with RestartManager: C:\Users\mckim\AppData\Local\Programs\DQA Connect\runtime\sqlite3.dll
2026-09-08 13:54:35.836   Found a file to register with RestartManager: C:\Users\mckim\AppData\Local\Programs\DQA Connect\runtime\vcruntime140.dll
2026-09-08 13:54:35.836   Found a file to register with RestartManager: C:\Users\mckim\AppData\Local\Programs\DQA Connect\runtime\vcruntime140_1.dll
2026-09-08 13:54:35.836   Found a file to register with RestartManager: C:\Users\mckim\AppData\Local\Programs\DQA Connect\_internal\api-ms-win-core-console-l1-1-0.dll
2026-09-08 13:54:35.836   Found a file to register with RestartManager: C:\Users\mckim\AppData\Local\Programs\DQA Connect\_internal\api-ms-win-core-datetime-l1-1-0.dll
2026-09-08 13:54:35.836   Found a file to register with RestartManager: C:\Users\mckim\AppData\Local\Programs\DQA Connect\_internal\api-ms-win-core-debug-l1-1-0.dll
2026-09-08 13:54:35.836   Found a file to register with RestartManager: C:\Users\mckim\AppData\Local\Programs\DQA Connect\_internal\api-ms-win-core-errorhandling-l1-1-0.dll
2026-09-08 13:54:35.836   Found a file to register with RestartManager: C:\Users\mckim\AppData\Local\Programs\DQA Connect\_internal\api-ms-win-core-file-l1-1-0.dll
2026-09-08 13:54:35.836   Found a file to register with RestartManager: C:\Users\mckim\AppData\Local\Programs\DQA Connect\_internal\api-ms-win-core-file-l1-2-0.dll
2026-09-08 13:54:35.836   Found a file to register with RestartManager: C:\Users\mckim\AppData\Local\Programs\DQA Connect\_internal\api-ms-win-core-file-l2-1-0.dll
2026-09-08 13:54:35.836   Found a file to register with RestartManager: C:\Users\mckim\AppData\Local\Programs\DQA Connect\_internal\api-ms-win-core-handle-l1-1-0.dll
2026-09-08 13:54:35.836   Found a file to register with RestartManager: C:\Users\mckim\AppData\Local\Programs\DQA Connect\_internal\api-ms-win-core-heap-l1-1-0.dll
2026-09-08 13:54:35.836   Found a file to register with RestartManager: C:\Users\mckim\AppData\Local\Programs\DQA Connect\_internal\api-ms-win-core-interlocked-l1-1-0.dll
2026-09-08 13:54:35.836   Found a file to register with RestartManager: C:\Users\mckim\AppData\Local\Programs\DQA Connect\_internal\api-ms-win-core-libraryloader-l1-1-0.dll
2026-09-08 13:54:35.836   Found a file to register with RestartManager: C:\Users\mckim\AppData\Local\Programs\DQA Connect\_internal\api-ms-win-core-localization-l1-2-0.dll
2026-09-08 13:54:35.836   Found a file to register with RestartManager: C:\Users\mckim\AppData\Local\Programs\DQA Connect\_internal\api-ms-win-core-memory-l1-1-0.dll
2026-09-08 13:54:35.836   Found a file to register with RestartManager: C:\Users\mckim\AppData\Local\Programs\DQA Connect\_internal\api-ms-win-core-namedpipe-l1-1-0.dll
2026-09-08 13:54:35.836   Found a file to register with RestartManager: C:\Users\mckim\AppData\Local\Programs\DQA Connect\_internal\api-ms-win-core-processenvironment-l1-1-0.dll
2026-09-08 13:54:35.837   Found a file to register with RestartManager: C:\Users\mckim\AppData\Local\Programs\DQA Connect\_internal\api-ms-win-core-processthreads-l1-1-0.dll
2026-09-08 13:54:35.837   Found a file to register with RestartManager: C:\Users\mckim\AppData\Local\Programs\DQA Connect\_internal\api-ms-win-core-processthreads-l1-1-1.dll
2026-09-08 13:54:35.837   Found a file to register with RestartManager: C:\Users\mckim\AppData\Local\Programs\DQA Connect\_internal\api-ms-win-core-profile-l1-1-0.dll
2026-09-08 13:54:35.837   Found a file to register with RestartManager: C:\Users\mckim\AppData\Local\Programs\DQA Connect\_internal\api-ms-win-core-rtlsupport-l1-1-0.dll
2026-09-08 13:54:35.837   Found a file to register with RestartManager: C:\Users\mckim\AppData\Local\Programs\DQA Connect\_internal\api-ms-win-core-string-l1-1-0.dll
2026-09-08 13:54:35.837   Found a file to register with RestartManager: C:\Users\mckim\AppData\Local\Programs\DQA Connect\_internal\api-ms-win-core-synch-l1-1-0.dll
2026-09-08 13:54:35.837   Found a file to register with RestartManager: C:\Users\mckim\AppData\Local\Programs\DQA Connect\_internal\api-ms-win-core-synch-l1-2-0.dll
2026-09-08 13:54:35.837   Found a file to register with RestartManager: C:\Users\mckim\AppData\Local\Programs\DQA Connect\_internal\api-ms-win-core-sysinfo-l1-1-0.dll
2026-09-08 13:54:35.837   Found a file to register with RestartManager: C:\Users\mckim\AppData\Local\Programs\DQA Connect\_internal\api-ms-win-core-timezone-l1-1-0.dll
2026-09-08 13:54:35.837   Found a file to register with RestartManager: C:\Users\mckim\AppData\Local\Programs\DQA Connect\_internal\api-ms-win-core-util-l1-1-0.dll
2026-09-08 13:54:35.837   Found a file to register with RestartManager: C:\Users\mckim\AppData\Local\Programs\DQA Connect\_internal\api-ms-win-crt-conio-l1-1-0.dll
2026-09-08 13:54:35.837   Found a file to register with RestartManager: C:\Users\mckim\AppData\Local\Programs\DQA Connect\_internal\api-ms-win-crt-convert-l1-1-0.dll
2026-09-08 13:54:35.837   Found a file to register with RestartManager: C:\Users\mckim\AppData\Local\Programs\DQA Connect\_internal\api-ms-win-crt-environment-l1-1-0.dll
2026-09-08 13:54:35.837   Found a file to register with RestartManager: C:\Users\mckim\AppData\Local\Programs\DQA Connect\_internal\api-ms-win-crt-filesystem-l1-1-0.dll
2026-09-08 13:54:35.837   Found a file to register with RestartManager: C:\Users\mckim\AppData\Local\Programs\DQA Connect\_internal\api-ms-win-crt-heap-l1-1-0.dll
2026-09-08 13:54:35.837   Found a file to register with RestartManager: C:\Users\mckim\AppData\Local\Programs\DQA Connect\_internal\api-ms-win-crt-locale-l1-1-0.dll
2026-09-08 13:54:35.837   Found a file to register with RestartManager: C:\Users\mckim\AppData\Local\Programs\DQA Connect\_internal\api-ms-win-crt-math-l1-1-0.dll
2026-09-08 13:54:35.837   Found a file to register with RestartManager: C:\Users\mckim\AppData\Local\Programs\DQA Connect\_internal\api-ms-win-crt-process-l1-1-0.dll
2026-09-08 13:54:35.837   Found a file to register with RestartManager: C:\Users\mckim\AppData\Local\Programs\DQA Connect\_internal\api-ms-win-crt-runtime-l1-1-0.dll
2026-09-08 13:54:35.837   Found a file to register with RestartManager: C:\Users\mckim\AppData\Local\Programs\DQA Connect\_internal\api-ms-win-crt-stdio-l1-1-0.dll
2026-09-08 13:54:35.837   Found a file to register with RestartManager: C:\Users\mckim\AppData\Local\Programs\DQA Connect\_internal\api-ms-win-crt-string-l1-1-0.dll
2026-09-08 13:54:35.837   Found a file to register with RestartManager: C:\Users\mckim\AppData\Local\Programs\DQA Connect\_internal\api-ms-win-crt-time-l1-1-0.dll
2026-09-08 13:54:35.837   Found a file to register with RestartManager: C:\Users\mckim\AppData\Local\Programs\DQA Connect\_internal\api-ms-win-crt-utility-l1-1-0.dll
2026-09-08 13:54:35.837   Found a file to register with RestartManager: C:\Users\mckim\AppData\Local\Programs\DQA Connect\_internal\libcrypto-3.dll
2026-09-08 13:54:35.837   Found a file to register with RestartManager: C:\Users\mckim\AppData\Local\Programs\DQA Connect\_internal\libffi-8.dll
2026-09-08 13:54:35.837   Found a file to register with RestartManager: C:\Users\mckim\AppData\Local\Programs\DQA Connect\_internal\libssl-3.dll
2026-09-08 13:54:35.837   Found a file to register with RestartManager: C:\Users\mckim\AppData\Local\Programs\DQA Connect\_internal\python314.dll
2026-09-08 13:54:35.837   Found a file to register with RestartManager: C:\Users\mckim\AppData\Local\Programs\DQA Connect\_internal\tcl86t.dll
2026-09-08 13:54:35.837   Found a file to register with RestartManager: C:\Users\mckim\AppData\Local\Programs\DQA Connect\_internal\tk86t.dll
2026-09-08 13:54:35.837   Found a file to register with RestartManager: C:\Users\mckim\AppData\Local\Programs\DQA Connect\_internal\ucrtbase.dll
2026-09-08 13:54:35.837   Found a file to register with RestartManager: C:\Users\mckim\AppData\Local\Programs\DQA Connect\_internal\VCRUNTIME140.dll
2026-09-08 13:54:35.837   Found a file to register with RestartManager: C:\Users\mckim\AppData\Local\Programs\DQA Connect\_internal\VCRUNTIME140_1.dll
2026-09-08 13:54:35.837   Found a file to register with RestartManager: C:\Users\mckim\AppData\Local\Programs\DQA Connect\_internal\zlib1.dll
2026-09-08 13:54:35.837   Found a file to register with RestartManager: C:\Users\mckim\AppData\Local\Programs\DQA Connect\_internal\clr_loader\ffi\dlls\amd64\ClrLoader.dll
2026-09-08 13:54:35.837   Found a file to register with RestartManager: C:\Users\mckim\AppData\Local\Programs\DQA Connect\_internal\clr_loader\ffi\dlls\x86\ClrLoader.dll
2026-09-08 13:54:35.837   Found a file to register with RestartManager: C:\Users\mckim\AppData\Local\Programs\DQA Connect\_internal\pythonnet\runtime\Microsoft.Win32.Primitives.dll
2026-09-08 13:54:35.837   Found a file to register with RestartManager: C:\Users\mckim\AppData\Local\Programs\DQA Connect\_internal\pythonnet\runtime\netstandard.dll
2026-09-08 13:54:35.837   Found a file to register with RestartManager: C:\Users\mckim\AppData\Local\Programs\DQA Connect\_internal\pythonnet\runtime\Python.Runtime.dll
2026-09-08 13:54:35.837   Found a file to register with RestartManager: C:\Users\mckim\AppData\Local\Programs\DQA Connect\_internal\pythonnet\runtime\System.AppContext.dll
2026-09-08 13:54:35.837   Found a file to register with RestartManager: C:\Users\mckim\AppData\Local\Programs\DQA Connect\_internal\pythonnet\runtime\System.Collections.Concurrent.dll
2026-09-08 13:54:35.837   Found a file to register with RestartManager: C:\Users\mckim\AppData\Local\Programs\DQA Connect\_internal\pythonnet\runtime\System.Collections.dll
2026-09-08 13:54:35.837   Found a file to register with RestartManager: C:\Users\mckim\AppData\Local\Programs\DQA Connect\_internal\pythonnet\runtime\System.Collections.NonGeneric.dll
2026-09-08 13:54:35.837   Found a file to register with RestartManager: C:\Users\mckim\AppData\Local\Programs\DQA Connect\_internal\pythonnet\runtime\System.Collections.Specialized.dll
2026-09-08 13:54:35.837   Found a file to register with RestartManager: C:\Users\mckim\AppData\Local\Programs\DQA Connect\_internal\pythonnet\runtime\System.ComponentModel.dll
2026-09-08 13:54:35.837   Found a file to register with RestartManager: C:\Users\mckim\AppData\Local\Programs\DQA Connect\_internal\pythonnet\runtime\System.ComponentModel.EventBasedAsync.dll
2026-09-08 13:54:35.837   Found a file to register with RestartManager: C:\Users\mckim\AppData\Local\Programs\DQA Connect\_internal\pythonnet\runtime\System.ComponentModel.Primitives.dll
2026-09-08 13:54:35.837   Found a file to register with RestartManager: C:\Users\mckim\AppData\Local\Programs\DQA Connect\_internal\pythonnet\runtime\System.ComponentModel.TypeConverter.dll
2026-09-08 13:54:35.837   Found a file to register with RestartManager: C:\Users\mckim\AppData\Local\Programs\DQA Connect\_internal\pythonnet\runtime\System.Console.dll
2026-09-08 13:54:35.837   Found a file to register with RestartManager: C:\Users\mckim\AppData\Local\Programs\DQA Connect\_internal\pythonnet\runtime\System.Data.Common.dll
2026-09-08 13:54:35.837   Found a file to register with RestartManager: C:\Users\mckim\AppData\Local\Programs\DQA Connect\_internal\pythonnet\runtime\System.Diagnostics.Contracts.dll
2026-09-08 13:54:35.837   Found a file to register with RestartManager: C:\Users\mckim\AppData\Local\Programs\DQA Connect\_internal\pythonnet\runtime\System.Diagnostics.Debug.dll
2026-09-08 13:54:35.837   Found a file to register with RestartManager: C:\Users\mckim\AppData\Local\Programs\DQA Connect\_internal\pythonnet\runtime\System.Diagnostics.FileVersionInfo.dll
2026-09-08 13:54:35.837   Found a file to register with RestartManager: C:\Users\mckim\AppData\Local\Programs\DQA Connect\_internal\pythonnet\runtime\System.Diagnostics.Process.dll
2026-09-08 13:54:35.837   Found a file to register with RestartManager: C:\Users\mckim\AppData\Local\Programs\DQA Connect\_internal\pythonnet\runtime\System.Diagnostics.StackTrace.dll
2026-09-08 13:54:35.837   Found a file to register with RestartManager: C:\Users\mckim\AppData\Local\Programs\DQA Connect\_internal\pythonnet\runtime\System.Diagnostics.TextWriterTraceListener.dll
2026-09-08 13:54:35.837   Found a file to register with RestartManager: C:\Users\mckim\AppData\Local\Programs\DQA Connect\_internal\pythonnet\runtime\System.Diagnostics.Tools.dll
2026-09-08 13:54:35.838   Found a file to register with RestartManager: C:\Users\mckim\AppData\Local\Programs\DQA Connect\_internal\pythonnet\runtime\System.Diagnostics.TraceSource.dll
2026-09-08 13:54:35.838   Found a file to register with RestartManager: C:\Users\mckim\AppData\Local\Programs\DQA Connect\_internal\pythonnet\runtime\System.Diagnostics.Tracing.dll
2026-09-08 13:54:35.838   Found a file to register with RestartManager: C:\Users\mckim\AppData\Local\Programs\DQA Connect\_internal\pythonnet\runtime\System.Drawing.Primitives.dll
2026-09-08 13:54:35.838   Found a file to register with RestartManager: C:\Users\mckim\AppData\Local\Programs\DQA Connect\_internal\pythonnet\runtime\System.Dynamic.Runtime.dll
2026-09-08 13:54:35.838   Found a file to register with RestartManager: C:\Users\mckim\AppData\Local\Programs\DQA Connect\_internal\pythonnet\runtime\System.Globalization.Calendars.dll
2026-09-08 13:54:35.838   Found a file to register with RestartManager: C:\Users\mckim\AppData\Local\Programs\DQA Connect\_internal\pythonnet\runtime\System.Globalization.dll
2026-09-08 13:54:35.838   Found a file to register with RestartManager: C:\Users\mckim\AppData\Local\Programs\DQA Connect\_internal\pythonnet\runtime\System.Globalization.Extensions.dll
2026-09-08 13:54:35.838   Found a file to register with RestartManager: C:\Users\mckim\AppData\Local\Programs\DQA Connect\_internal\pythonnet\runtime\System.IO.Compression.dll
2026-09-08 13:54:35.838   Found a file to register with RestartManager: C:\Users\mckim\AppData\Local\Programs\DQA Connect\_internal\pythonnet\runtime\System.IO.Compression.ZipFile.dll
2026-09-08 13:54:35.838   Found a file to register with RestartManager: C:\Users\mckim\AppData\Local\Programs\DQA Connect\_internal\pythonnet\runtime\System.IO.dll
2026-09-08 13:54:35.838   Found a file to register with RestartManager: C:\Users\mckim\AppData\Local\Programs\DQA Connect\_internal\pythonnet\runtime\System.IO.FileSystem.dll
2026-09-08 13:54:35.838   Found a file to register with RestartManager: C:\Users\mckim\AppData\Local\Programs\DQA Connect\_internal\pythonnet\runtime\System.IO.FileSystem.DriveInfo.dll
2026-09-08 13:54:35.838   Found a file to register with RestartManager: C:\Users\mckim\AppData\Local\Programs\DQA Connect\_internal\pythonnet\runtime\System.IO.FileSystem.Primitives.dll
2026-09-08 13:54:35.838   Found a file to register with RestartManager: C:\Users\mckim\AppData\Local\Programs\DQA Connect\_internal\pythonnet\runtime\System.IO.FileSystem.Watcher.dll
2026-09-08 13:54:35.838   Found a file to register with RestartManager: C:\Users\mckim\AppData\Local\Programs\DQA Connect\_internal\pythonnet\runtime\System.IO.IsolatedStorage.dll
2026-09-08 13:54:35.838   Found a file to register with RestartManager: C:\Users\mckim\AppData\Local\Programs\DQA Connect\_internal\pythonnet\runtime\System.IO.MemoryMappedFiles.dll
2026-09-08 13:54:35.838   Found a file to register with RestartManager: C:\Users\mckim\AppData\Local\Programs\DQA Connect\_internal\pythonnet\runtime\System.IO.Pipes.dll
2026-09-08 13:54:35.838   Found a file to register with RestartManager: C:\Users\mckim\AppData\Local\Programs\DQA Connect\_internal\pythonnet\runtime\System.IO.UnmanagedMemoryStream.dll
2026-09-08 13:54:35.838   Found a file to register with RestartManager: C:\Users\mckim\AppData\Local\Programs\DQA Connect\_internal\pythonnet\runtime\System.Linq.dll
2026-09-08 13:54:35.838   Found a file to register with RestartManager: C:\Users\mckim\AppData\Local\Programs\DQA Connect\_internal\pythonnet\runtime\System.Linq.Expressions.dll
2026-09-08 13:54:35.838   Found a file to register with RestartManager: C:\Users\mckim\AppData\Local\Programs\DQA Connect\_internal\pythonnet\runtime\System.Linq.Parallel.dll
2026-09-08 13:54:35.838   Found a file to register with RestartManager: C:\Users\mckim\AppData\Local\Programs\DQA Connect\_internal\pythonnet\runtime\System.Linq.Queryable.dll
2026-09-08 13:54:35.838   Found a file to register with RestartManager: C:\Users\mckim\AppData\Local\Programs\DQA Connect\_internal\pythonnet\runtime\System.Net.Http.dll
2026-09-08 13:54:35.838   Found a file to register with RestartManager: C:\Users\mckim\AppData\Local\Programs\DQA Connect\_internal\pythonnet\runtime\System.Net.NameResolution.dll
2026-09-08 13:54:35.838   Found a file to register with RestartManager: C:\Users\mckim\AppData\Local\Programs\DQA Connect\_internal\pythonnet\runtime\System.Net.NetworkInformation.dll
2026-09-08 13:54:35.838   Found a file to register with RestartManager: C:\Users\mckim\AppData\Local\Programs\DQA Connect\_internal\pythonnet\runtime\System.Net.Ping.dll
2026-09-08 13:54:35.838   Found a file to register with RestartManager: C:\Users\mckim\AppData\Local\Programs\DQA Connect\_internal\pythonnet\runtime\System.Net.Primitives.dll
2026-09-08 13:54:35.838   Found a file to register with RestartManager: C:\Users\mckim\AppData\Local\Programs\DQA Connect\_internal\pythonnet\runtime\System.Net.Requests.dll
2026-09-08 13:54:35.838   Found a file to register with RestartManager: C:\Users\mckim\AppData\Local\Programs\DQA Connect\_internal\pythonnet\runtime\System.Net.Security.dll
2026-09-08 13:54:35.838   Found a file to register with RestartManager: C:\Users\mckim\AppData\Local\Programs\DQA Connect\_internal\pythonnet\runtime\System.Net.Sockets.dll
2026-09-08 13:54:35.838   Found a file to register with RestartManager: C:\Users\mckim\AppData\Local\Programs\DQA Connect\_internal\pythonnet\runtime\System.Net.WebHeaderCollection.dll
2026-09-08 13:54:35.838   Found a file to register with RestartManager: C:\Users\mckim\AppData\Local\Programs\DQA Connect\_internal\pythonnet\runtime\System.Net.WebSockets.Client.dll
2026-09-08 13:54:35.838   Found a file to register with RestartManager: C:\Users\mckim\AppData\Local\Programs\DQA Connect\_internal\pythonnet\runtime\System.Net.WebSockets.dll
2026-09-08 13:54:35.838   Found a file to register with RestartManager: C:\Users\mckim\AppData\Local\Programs\DQA Connect\_internal\pythonnet\runtime\System.ObjectModel.dll
2026-09-08 13:54:35.838   Found a file to register with RestartManager: C:\Users\mckim\AppData\Local\Programs\DQA Connect\_internal\pythonnet\runtime\System.Reflection.dll
2026-09-08 13:54:35.838   Found a file to register with RestartManager: C:\Users\mckim\AppData\Local\Programs\DQA Connect\_internal\pythonnet\runtime\System.Reflection.Extensions.dll
2026-09-08 13:54:35.838   Found a file to register with RestartManager: C:\Users\mckim\AppData\Local\Programs\DQA Connect\_internal\pythonnet\runtime\System.Reflection.Primitives.dll
2026-09-08 13:54:35.838   Found a file to register with RestartManager: C:\Users\mckim\AppData\Local\Programs\DQA Connect\_internal\pythonnet\runtime\System.Resources.Reader.dll
2026-09-08 13:54:35.838   Found a file to register with RestartManager: C:\Users\mckim\AppData\Local\Programs\DQA Connect\_internal\pythonnet\runtime\System.Resources.ResourceManager.dll
2026-09-08 13:54:35.838   Found a file to register with RestartManager: C:\Users\mckim\AppData\Local\Programs\DQA Connect\_internal\pythonnet\runtime\System.Resources.Writer.dll
2026-09-08 13:54:35.838   Found a file to register with RestartManager: C:\Users\mckim\AppData\Local\Programs\DQA Connect\_internal\pythonnet\runtime\System.Runtime.CompilerServices.VisualC.dll
2026-09-08 13:54:35.838   Found a file to register with RestartManager: C:\Users\mckim\AppData\Local\Programs\DQA Connect\_internal\pythonnet\runtime\System.Runtime.dll
2026-09-08 13:54:35.838   Found a file to register with RestartManager: C:\Users\mckim\AppData\Local\Programs\DQA Connect\_internal\pythonnet\runtime\System.Runtime.Extensions.dll
2026-09-08 13:54:35.838   Found a file to register with RestartManager: C:\Users\mckim\AppData\Local\Programs\DQA Connect\_internal\pythonnet\runtime\System.Runtime.Handles.dll
2026-09-08 13:54:35.838   Found a file to register with RestartManager: C:\Users\mckim\AppData\Local\Programs\DQA Connect\_internal\pythonnet\runtime\System.Runtime.InteropServices.dll
2026-09-08 13:54:35.838   Found a file to register with RestartManager: C:\Users\mckim\AppData\Local\Programs\DQA Connect\_internal\pythonnet\runtime\System.Runtime.InteropServices.RuntimeInformation.dll
2026-09-08 13:54:35.838   Found a file to register with RestartManager: C:\Users\mckim\AppData\Local\Programs\DQA Connect\_internal\pythonnet\runtime\System.Runtime.Numerics.dll
2026-09-08 13:54:35.839   Found a file to register with RestartManager: C:\Users\mckim\AppData\Local\Programs\DQA Connect\_internal\pythonnet\runtime\System.Runtime.Serialization.Formatters.dll
2026-09-08 13:54:35.839   Found a file to register with RestartManager: C:\Users\mckim\AppData\Local\Programs\DQA Connect\_internal\pythonnet\runtime\System.Runtime.Serialization.Json.dll
2026-09-08 13:54:35.839   Found a file to register with RestartManager: C:\Users\mckim\AppData\Local\Programs\DQA Connect\_internal\pythonnet\runtime\System.Runtime.Serialization.Primitives.dll
2026-09-08 13:54:35.839   Found a file to register with RestartManager: C:\Users\mckim\AppData\Local\Programs\DQA Connect\_internal\pythonnet\runtime\System.Runtime.Serialization.Xml.dll
2026-09-08 13:54:35.839   Found a file to register with RestartManager: C:\Users\mckim\AppData\Local\Programs\DQA Connect\_internal\pythonnet\runtime\System.Security.Claims.dll
2026-09-08 13:54:35.839   Found a file to register with RestartManager: C:\Users\mckim\AppData\Local\Programs\DQA Connect\_internal\pythonnet\runtime\System.Security.Cryptography.Algorithms.dll
2026-09-08 13:54:35.839   Found a file to register with RestartManager: C:\Users\mckim\AppData\Local\Programs\DQA Connect\_internal\pythonnet\runtime\System.Security.Cryptography.Csp.dll
2026-09-08 13:54:35.839   Found a file to register with RestartManager: C:\Users\mckim\AppData\Local\Programs\DQA Connect\_internal\pythonnet\runtime\System.Security.Cryptography.Encoding.dll
2026-09-08 13:54:35.839   Found a file to register with RestartManager: C:\Users\mckim\AppData\Local\Programs\DQA Connect\_internal\pythonnet\runtime\System.Security.Cryptography.Primitives.dll
2026-09-08 13:54:35.839   Found a file to register with RestartManager: C:\Users\mckim\AppData\Local\Programs\DQA Connect\_internal\pythonnet\runtime\System.Security.Cryptography.X509Certificates.dll
2026-09-08 13:54:35.839   Found a file to register with RestartManager: C:\Users\mckim\AppData\Local\Programs\DQA Connect\_internal\pythonnet\runtime\System.Security.Principal.dll
2026-09-08 13:54:35.839   Found a file to register with RestartManager: C:\Users\mckim\AppData\Local\Programs\DQA Connect\_internal\pythonnet\runtime\System.Security.SecureString.dll
2026-09-08 13:54:35.839   Found a file to register with RestartManager: C:\Users\mckim\AppData\Local\Programs\DQA Connect\_internal\pythonnet\runtime\System.Text.Encoding.dll
2026-09-08 13:54:35.839   Found a file to register with RestartManager: C:\Users\mckim\AppData\Local\Programs\DQA Connect\_internal\pythonnet\runtime\System.Text.Encoding.Extensions.dll
2026-09-08 13:54:35.839   Found a file to register with RestartManager: C:\Users\mckim\AppData\Local\Programs\DQA Connect\_internal\pythonnet\runtime\System.Text.RegularExpressions.dll
2026-09-08 13:54:35.839   Found a file to register with RestartManager: C:\Users\mckim\AppData\Local\Programs\DQA Connect\_internal\pythonnet\runtime\System.Threading.dll
2026-09-08 13:54:35.839   Found a file to register with RestartManager: C:\Users\mckim\AppData\Local\Programs\DQA Connect\_internal\pythonnet\runtime\System.Threading.Overlapped.dll
2026-09-08 13:54:35.839   Found a file to register with RestartManager: C:\Users\mckim\AppData\Local\Programs\DQA Connect\_internal\pythonnet\runtime\System.Threading.Tasks.dll
2026-09-08 13:54:35.839   Found a file to register with RestartManager: C:\Users\mckim\AppData\Local\Programs\DQA Connect\_internal\pythonnet\runtime\System.Threading.Tasks.Parallel.dll
2026-09-08 13:54:35.839   Found a file to register with RestartManager: C:\Users\mckim\AppData\Local\Programs\DQA Connect\_internal\pythonnet\runtime\System.Threading.Thread.dll
2026-09-08 13:54:35.839   Found a file to register with RestartManager: C:\Users\mckim\AppData\Local\Programs\DQA Connect\_internal\pythonnet\runtime\System.Threading.ThreadPool.dll
2026-09-08 13:54:35.839   Found a file to register with RestartManager: C:\Users\mckim\AppData\Local\Programs\DQA Connect\_internal\pythonnet\runtime\System.Threading.Timer.dll
2026-09-08 13:54:35.839   Found a file to register with RestartManager: C:\Users\mckim\AppData\Local\Programs\DQA Connect\_internal\pythonnet\runtime\System.ValueTuple.dll
2026-09-08 13:54:35.839   Found a file to register with RestartManager: C:\Users\mckim\AppData\Local\Programs\DQA Connect\_internal\pythonnet\runtime\System.Xml.ReaderWriter.dll
2026-09-08 13:54:35.839   Found a file to register with RestartManager: C:\Users\mckim\AppData\Local\Programs\DQA Connect\_internal\pythonnet\runtime\System.Xml.XDocument.dll
2026-09-08 13:54:35.839   Found a file to register with RestartManager: C:\Users\mckim\AppData\Local\Programs\DQA Connect\_internal\pythonnet\runtime\System.Xml.XmlDocument.dll
2026-09-08 13:54:35.839   Found a file to register with RestartManager: C:\Users\mckim\AppData\Local\Programs\DQA Connect\_internal\pythonnet\runtime\System.Xml.XmlSerializer.dll
2026-09-08 13:54:35.839   Found a file to register with RestartManager: C:\Users\mckim\AppData\Local\Programs\DQA Connect\_internal\pythonnet\runtime\System.Xml.XPath.dll
2026-09-08 13:54:35.839   Found a file to register with RestartManager: C:\Users\mckim\AppData\Local\Programs\DQA Connect\_internal\pythonnet\runtime\System.Xml.XPath.XDocument.dll
2026-09-08 13:54:35.839   Found a file to register with RestartManager: C:\Users\mckim\AppData\Local\Programs\DQA Connect\_internal\webview\lib\Microsoft.Web.WebView2.Core.dll
2026-09-08 13:54:35.839   Found a file to register with RestartManager: C:\Users\mckim\AppData\Local\Programs\DQA Connect\_internal\webview\lib\Microsoft.Web.WebView2.WinForms.dll
2026-09-08 13:54:35.839   Found a file to register with RestartManager: C:\Users\mckim\AppData\Local\Programs\DQA Connect\_internal\webview\lib\WebBrowserInterop.x64.dll
2026-09-08 13:54:35.839   Found a file to register with RestartManager: C:\Users\mckim\AppData\Local\Programs\DQA Connect\_internal\webview\lib\WebBrowserInterop.x86.dll
2026-09-08 13:54:35.839   Found a file to register with RestartManager: C:\Users\mckim\AppData\Local\Programs\DQA Connect\_internal\webview\lib\runtimes\win-arm64\native\WebView2Loader.dll
2026-09-08 13:54:35.839   Found a file to register with RestartManager: C:\Users\mckim\AppData\Local\Programs\DQA Connect\_internal\webview\lib\runtimes\win-x64\native\WebView2Loader.dll
2026-09-08 13:54:35.839   Found a file to register with RestartManager: C:\Users\mckim\AppData\Local\Programs\DQA Connect\_internal\webview\lib\runtimes\win-x86\native\WebView2Loader.dll
2026-09-08 13:54:35.842   Found 166 files to register with RestartManager.
2026-09-08 13:54:35.842   Calling RestartManager's RmGetList.
2026-09-08 13:54:36.196   RmGetList finished successfully.
2026-09-08 13:54:36.196   RestartManager found an application using one of our files: Python
2026-09-08 13:54:36.196   Can use RestartManager to avoid reboot? Yes (0)
2026-09-08 13:54:36.269   Starting the installation process.
2026-09-08 13:54:36.278   Shutting down applications using our files.
2026-09-08 13:55:07.010   Some applications could not be shut down.
2026-09-08 13:55:07.010   Defaulting to Abort for suppressed message box (Abort/Retry/Ignore):
                          모든 응용 프로그램을 자동으로 닫지 못했습니다. 계속하기 전에 설치 프로그램에서 업데이트해야 하는 파일을 사용하여 모든 응용 프로그램을 닫는 것이 좋습니다.
2026-09-08 13:55:07.010   User canceled the installation process.
2026-09-08 13:55:07.010   Rolling back changes.
2026-09-08 13:55:07.019   Starting the uninstallation process.
2026-09-08 13:55:07.020   Uninstallation process succeeded.
2026-09-08 13:55:08.533   Deinitializing Setup.
2026-09-08 13:55:08.548   Log closed.
