2026-09-08 14:09:45.747   Log opened. (Time zone: UTC+09:00)
2026-09-08 14:09:45.748   Setup version: Inno Setup version 6.7.3
2026-09-08 14:09:45.748   Original Setup EXE: C:\Users\mckim\.dqa-connect\update\DQAConnect-Setup-1.2.1.exe.ope06myo.exe
2026-09-08 14:09:45.748   Setup command line: /SL5="$7C014A2,24708971,1002496,C:\Users\mckim\.dqa-connect\update\DQAConnect-Setup-1.2.1.exe.ope06myo.exe" /SILENT /SUPPRESSMSGBOXES /NORESTART /CLOSEAPPLICATIONS /RELAUNCH
2026-09-08 14:09:45.748   Windows version: 10.0.19045
2026-09-08 14:09:45.748   Windows architecture: x64 (64-bit)
2026-09-08 14:09:45.748   Machine types supported by system: x86 x64
2026-09-08 14:09:45.748   User privileges: None
2026-09-08 14:09:45.758   Administrative install mode: No
2026-09-08 14:09:45.758   Install mode root key: HKEY_CURRENT_USER
2026-09-08 14:09:45.758   64-bit install mode: Yes
2026-09-08 14:09:45.758   RedirectionGuard status for current process: Enabled in enforcing mode
2026-09-08 14:09:45.759   Created temporary directory: C:\Users\mckim\AppData\Local\Temp\is-52DLDBD6UD.tmp
2026-09-08 14:09:45.992   Found 3 files to register with RestartManager.
2026-09-08 14:09:45.992   Calling RestartManager's RmGetList.
2026-09-08 14:09:46.170   RmGetList finished successfully.
2026-09-08 14:09:46.170   RestartManager found an application using one of our files: DQAConnect.exe
2026-09-08 14:09:46.170   RestartManager found an application using one of our files: Python
2026-09-08 14:09:46.170   Can use RestartManager to avoid reboot? Yes (0)
2026-09-08 14:09:46.268   Starting the installation process.
2026-09-08 14:09:46.281   Shutting down applications using our files. (forced)
2026-09-08 14:10:17.516   Directory for uninstall files: C:\Users\mckim\AppData\Local\Programs\DQA Connect
2026-09-08 14:10:17.517   Will append to existing uninstall log: C:\Users\mckim\AppData\Local\Programs\DQA Connect\unins000.dat
[Excerpt: 8765 file/registry entry lines omitted; complete log is installer.log.gz]
2026-09-08 14:10:22.982   -- Registry entry --
2026-09-08 14:10:22.982   Key: HKEY_CURRENT_USER\Software\Classes\dqa-connect\DefaultIcon
2026-09-08 14:10:22.982   Creating or opening the key.
2026-09-08 14:10:22.982   Creating or setting the value.
2026-09-08 14:10:22.982   Successfully created or set the value.
2026-09-08 14:10:22.982   -- Registry entry --
2026-09-08 14:10:22.982   Key: HKEY_CURRENT_USER\Software\Classes\dqa-connect\shell\open\command
2026-09-08 14:10:22.982   Creating or opening the key.
2026-09-08 14:10:22.983   Creating or setting the value.
2026-09-08 14:10:22.983   Successfully created or set the value.
2026-09-08 14:10:22.985   Saving uninstall information.
2026-09-08 14:10:22.985   Renaming uninstaller.
2026-09-08 14:10:22.986   Deleting uninstall key left over from previous non administrative install.
2026-09-08 14:10:22.986   Creating new uninstall key: HKEY_CURRENT_USER\Software\Microsoft\Windows\CurrentVersion\Uninstall\{7C4B1F2E-9A3D-4E58-B1C6-DQA0CONNECT01}_is1
2026-09-08 14:10:22.986   Writing uninstall key values.
2026-09-08 14:10:22.987   Detected previous administrative 64-bit install? No
2026-09-08 14:10:22.987   Detected previous administrative 32-bit install? No
2026-09-08 14:10:23.001   Installation process succeeded.
2026-09-08 14:10:23.014   -- Run entry --
2026-09-08 14:10:23.014   Run as: Original user
2026-09-08 14:10:23.014   Type: Exec
2026-09-08 14:10:23.014   Filename: C:\Users\mckim\AppData\Local\Programs\DQA Connect\DQAConnect.exe
2026-09-08 14:10:25.984   Need to restart Windows? No
2026-09-08 14:10:25.993   Deinitializing Setup.
2026-09-08 14:10:26.006   Log closed.
