CHECK#10 PASS worktree binding
CHECK#11 PASS repo immutability :: (ai/* worktree — F0 외)
CHECK#17 PASS ui copy budget :: ui-copy-budget: PASS (37 changed file(s), 2 rule(s))
CHECK#18 PASS secret scan
CHECK#13 WARN visual verification :: DQA-client 실측 PASS 미확인. 미수행 사유 기록: unit/feature-0046-native-client/docs/TEST.md ; Windows-browser 대체 증거: 없음. 대체 증거는 현재 클라이언트 실행 PASS로 승격하지 않음.
CHECK#14 PASS conflict markers
CHECK#2 PASS TASK.md checkbox
CHECK#3 PASS MODIFY.md entry
CHECK#4 PASS FUNCTION.md staged
awk: warning: escape sequence `\.' treated as plain `.'
awk: warning: escape sequence `\.' treated as plain `.'
awk: warning: escape sequence `\.' treated as plain `.'
CHECK#6 PASS ANCHOR §1-§3
CHECK#7 PASS ANCHOR §4 optional (no human entries)
CHECK#8 PASS unstaged residual
CHECK#9 PASS REVIEW.md cycle entry
CHECK#12 PASS wiki feature card :: (all new features have wiki/Features cards)
CHECK#18 PASS requested scope :: (4 item(s) enumerated — §16.7 G1)
CHECK#15 PASS routemap freshness :: (no router/src structural change in diff)
CHECK#16 PASS codenav anchors :: (no code/nav-doc change in diff)

verify-completion: PASS (gate checks + worktree binding + repo immutability + visual-verification #13; #12 wiki WARN-only)
